
hasfieldfail02.hs:10:5: error:
    • No instance for (HasField "foo" T a1)
        arising from a use of ‘fromLabel’
    • In the expression: fromLabel @"foo" (MkT id)
      In an equation for ‘x’:
          x = fromLabel @"foo" (MkT id)

hasfieldfail02.hs:14:5: error:
    • No instance for (HasField "bar" U a0)
        arising from a use of ‘fromLabel’
    • In the expression: fromLabel @"bar" (MkU True)
      In an equation for ‘y’:
          y = fromLabel @"bar" (MkU True)
