[1 of 2] Compiling HasFieldFail01_A ( HasFieldFail01_A.hs, HasFieldFail01_A.o )
[2 of 2] Compiling Main             ( hasfieldfail01.hs, hasfieldfail01.o )

hasfieldfail01.hs:9:15: error:
    • No instance for (HasField "foo" T Int)
        arising from a use of ‘fromLabel’
    • In the first argument of ‘print’, namely
        ‘(fromLabel @"foo" (MkT 42) :: Int)’
      In the expression: print (fromLabel @"foo" (MkT 42) :: Int)
      In an equation for ‘main’:
          main = print (fromLabel @"foo" (MkT 42) :: Int)
