
hasfieldfail03.hs:8:10: error:
    • Illegal instance declaration for ‘HasField "woo" a Bool’
        Record data type must be specified
    • In the instance declaration for ‘HasField "woo" a Bool’

hasfieldfail03.hs:12:10: error:
    • Illegal instance declaration for ‘HasField "foo" T Int’
        T already has a field ‘foo’
    • In the instance declaration for ‘HasField "foo" T Int’

hasfieldfail03.hs:16:10: error:
    • Illegal instance declaration for ‘HasField "bar" T Bool’
        T already has a field ‘bar’
    • In the instance declaration for ‘HasField "bar" T Bool’

hasfieldfail03.hs:33:10: error:
    • Illegal instance declaration for
        ‘HasField "baz" (V a b c d) Bool’
        Record data type may not be a data family
    • In the instance declaration for ‘HasField "baz" (V a b c d) Bool’
